
> kokorako-management-system@0.0.0 build
> tsc -b && vite build

src/components/AdminLayout.tsx(10,5): error TS6133: 'Search' is declared but its value is never read.
src/components/AdminLayout.tsx(11,5): error TS6133: 'Bell' is declared but its value is never read.
src/pages/admin/Dashboard.tsx(10,5): error TS6133: 'Calendar' is declared but its value is never read.
src/pages/admin/Dashboard.tsx(11,5): error TS6133: 'Search' is declared but its value is never read.
src/pages/admin/Dashboard.tsx(13,5): error TS6133: 'Activity' is declared but its value is never read.
src/pages/admin/Orders.tsx(16,5): error TS6133: 'ExternalLink' is declared but its value is never read.
